// Bun Snapshot v1, https://goo.gl/fbAQLP

exports[`Systems should throw when system not found 1`] = `[Function]`;

exports[`Systems should throw when adding a duplicate system 1`] = `[Function]`;

exports[`w/ Dependencies throws when adding a cycle 1`] = `[Function]`;

exports[`w/ Dependencies get system & add dependency (B -> A) 1`] = `[Function]`;
